
-- Running command `read_verilog -sv rtl/feedguard.sv; synth -top sequence_guard; check -assert; stat' --

1. Executing Verilog-2005 frontend: rtl/feedguard.sv
Parsing SystemVerilog input from `rtl/feedguard.sv' to AST representation.
Generating RTLIL representation for module `\omdc_envelope'.
Generating RTLIL representation for module `\sequence_guard'.
Generating RTLIL representation for module `\feedguard_top'.
Successfully finished Verilog frontend.

2. Executing SYNTH pass.

2.1. Executing HIERARCHY pass (managing design hierarchy).

2.1.1. Analyzing design hierarchy..
Top module:  \sequence_guard

2.1.2. Analyzing design hierarchy..
Top module:  \sequence_guard
Removing unused module `\feedguard_top'.
Removing unused module `\omdc_envelope'.
Removed 2 unused modules.

2.2. Executing PROC pass (convert processes to netlists).

2.2.1. Executing PROC_CLEAN pass (remove empty switches from decision trees).
Cleaned up 0 empty switches.

2.2.2. Executing PROC_RMDEAD pass (remove dead branches from decision trees).
Marked 1 switch rules as full_case in process $proc$rtl/feedguard.sv:161$47 in module sequence_guard.
Marked 7 switch rules as full_case in process $proc$rtl/feedguard.sv:147$35 in module sequence_guard.
Removed a total of 0 dead cases.

2.2.3. Executing PROC_PRUNE pass (remove redundant assignments in processes).
Removed 0 redundant assignments.
Promoted 5 assignments to connections.

2.2.4. Executing PROC_INIT pass (extract init attributes).

2.2.5. Executing PROC_ARST pass (detect async resets in processes).

2.2.6. Executing PROC_ROM pass (convert switches to ROMs).
Converted 0 switches.
<suppressed ~10 debug messages>

2.2.7. Executing PROC_MUX pass (convert decision trees to multiplexers).
Creating decoders for process `\sequence_guard.$proc$rtl/feedguard.sv:161$47'.
     1/7: $0\expected[32:0]
     2/7: $0\initialized[0:0]
     3/7: $0\out_expected[32:0]
     4/7: $0\out_take[7:0]
     5/7: $0\out_skip[7:0]
     6/7: $0\out_kind[2:0]
     7/7: $0\out_valid[0:0]
Creating decoders for process `\sequence_guard.$proc$rtl/feedguard.sv:147$35'.
     1/32: $7\next_expected[32:0]
     2/32: $7\take[7:0]
     3/32: $7\skip[7:0]
     4/32: $7\kind[2:0]
     5/32: $6\kind[2:0]
     6/32: $6\next_expected[32:0]
     7/32: $6\take[7:0]
     8/32: $6\skip[7:0]
     9/32: $5\kind[2:0]
    10/32: $5\next_expected[32:0]
    11/32: $5\take[7:0]
    12/32: $5\skip[7:0]
    13/32: $4\next_initialized[0:0]
    14/32: $4\next_expected[32:0]
    15/32: $4\take[7:0]
    16/32: $4\kind[2:0]
    17/32: $4\skip[7:0]
    18/32: $3\kind[2:0]
    19/32: $3\next_initialized[0:0]
    20/32: $3\next_expected[32:0]
    21/32: $3\take[7:0]
    22/32: $3\skip[7:0]
    23/32: $2\kind[2:0]
    24/32: $2\next_initialized[0:0]
    25/32: $2\next_expected[32:0]
    26/32: $2\take[7:0]
    27/32: $2\skip[7:0]
    28/32: $1\kind[2:0]
    29/32: $1\next_initialized[0:0]
    30/32: $1\next_expected[32:0]
    31/32: $1\take[7:0]
    32/32: $1\skip[7:0]

2.2.8. Executing PROC_DLATCH pass (convert process syncs to latches).
No latch inferred for signal `\sequence_guard.\kind' from process `\sequence_guard.$proc$rtl/feedguard.sv:147$35'.
No latch inferred for signal `\sequence_guard.\skip' from process `\sequence_guard.$proc$rtl/feedguard.sv:147$35'.
No latch inferred for signal `\sequence_guard.\take' from process `\sequence_guard.$proc$rtl/feedguard.sv:147$35'.
No latch inferred for signal `\sequence_guard.\next_expected' from process `\sequence_guard.$proc$rtl/feedguard.sv:147$35'.
No latch inferred for signal `\sequence_guard.\next_initialized' from process `\sequence_guard.$proc$rtl/feedguard.sv:147$35'.

2.2.9. Executing PROC_DFF pass (convert process syncs to FFs).
Creating register for signal `\sequence_guard.\out_valid' using process `\sequence_guard.$proc$rtl/feedguard.sv:161$47'.
  created $dff cell `$procdff$453' with positive edge clock.
Creating register for signal `\sequence_guard.\out_kind' using process `\sequence_guard.$proc$rtl/feedguard.sv:161$47'.
  created $dff cell `$procdff$454' with positive edge clock.
Creating register for signal `\sequence_guard.\out_skip' using process `\sequence_guard.$proc$rtl/feedguard.sv:161$47'.
  created $dff cell `$procdff$455' with positive edge clock.
Creating register for signal `\sequence_guard.\out_take' using process `\sequence_guard.$proc$rtl/feedguard.sv:161$47'.
  created $dff cell `$procdff$456' with positive edge clock.
Creating register for signal `\sequence_guard.\out_expected' using process `\sequence_guard.$proc$rtl/feedguard.sv:161$47'.
  created $dff cell `$procdff$457' with positive edge clock.
Creating register for signal `\sequence_guard.\initialized' using process `\sequence_guard.$proc$rtl/feedguard.sv:161$47'.
  created $dff cell `$procdff$458' with positive edge clock.
Creating register for signal `\sequence_guard.\expected' using process `\sequence_guard.$proc$rtl/feedguard.sv:161$47'.
  created $dff cell `$procdff$459' with positive edge clock.

2.2.10. Executing PROC_MEMWR pass (convert process memory writes to cells).

2.2.11. Executing PROC_CLEAN pass (remove empty switches from decision trees).
Found and cleaned up 3 empty switches in `\sequence_guard.$proc$rtl/feedguard.sv:161$47'.
Removing empty process `sequence_guard.$proc$rtl/feedguard.sv:161$47'.
Found and cleaned up 7 empty switches in `\sequence_guard.$proc$rtl/feedguard.sv:147$35'.
Removing empty process `sequence_guard.$proc$rtl/feedguard.sv:147$35'.
Cleaned up 10 empty switches.

2.2.12. Executing OPT_EXPR pass (perform const folding).
Optimizing module sequence_guard.
<suppressed ~18 debug messages>

2.3. Executing OPT_EXPR pass (perform const folding).
Optimizing module sequence_guard.

2.4. Executing OPT_CLEAN pass (remove unused cells and wires).
Finding unused cells or wires in module \sequence_guard..
Removed 1 unused cells and 188 unused wires.
<suppressed ~2 debug messages>

2.5. Executing CHECK pass (checking for obvious problems).
Checking module sequence_guard...
Found and reported 0 problems.

2.6. Executing OPT pass (performing simple optimizations).

2.6.1. Executing OPT_EXPR pass (perform const folding).
Optimizing module sequence_guard.

2.6.2. Executing OPT_MERGE pass (detect identical cells).
Finding identical cells in module `\sequence_guard'.
Computing hashes of 158 cells of `\sequence_guard'.
Finding duplicate cells in `\sequence_guard'.
Removed a total of 0 cells.

2.6.3. Executing OPT_MUXTREE pass (detect dead branches in mux trees).
Running muxtree optimizer on module \sequence_guard..
  Creating internal representation of mux trees.
  Evaluating internal representation of mux trees.
      Replacing known input bits on port B of cell $procmux$304: \initialized -> 1'1
  Analyzing evaluation results.
    dead port 1/2 on $mux $procmux$436.
    dead port 1/2 on $mux $procmux$430.
    dead port 1/2 on $mux $procmux$424.
    dead port 1/2 on $mux $procmux$418.
    dead port 1/2 on $mux $procmux$412.
    dead port 1/2 on $mux $procmux$406.
    dead port 1/2 on $mux $procmux$403.
    dead port 1/2 on $mux $procmux$397.
    dead port 1/2 on $mux $procmux$394.
    dead port 1/2 on $mux $procmux$388.
    dead port 1/2 on $mux $procmux$385.
    dead port 1/2 on $mux $procmux$379.
    dead port 1/2 on $mux $procmux$376.
    dead port 1/2 on $mux $procmux$370.
    dead port 1/2 on $mux $procmux$367.
    dead port 1/2 on $mux $procmux$361.
    dead port 1/2 on $mux $procmux$358.
    dead port 1/2 on $mux $procmux$355.
    dead port 1/2 on $mux $procmux$349.
    dead port 1/2 on $mux $procmux$346.
    dead port 1/2 on $mux $procmux$343.
    dead port 1/2 on $mux $procmux$337.
    dead port 1/2 on $mux $procmux$334.
    dead port 1/2 on $mux $procmux$331.
    dead port 1/2 on $mux $procmux$325.
    dead port 1/2 on $mux $procmux$322.
    dead port 1/2 on $mux $procmux$319.
    dead port 1/2 on $mux $procmux$313.
    dead port 1/2 on $mux $procmux$310.
    dead port 1/2 on $mux $procmux$307.
    dead port 1/2 on $mux $procmux$301.
    dead port 1/2 on $mux $procmux$298.
    dead port 1/2 on $mux $procmux$295.
    dead port 2/2 on $mux $procmux$292.
    dead port 1/2 on $mux $procmux$286.
    dead port 1/2 on $mux $procmux$283.
    dead port 1/2 on $mux $procmux$280.
    dead port 2/2 on $mux $procmux$277.
    dead port 1/2 on $mux $procmux$271.
    dead port 1/2 on $mux $procmux$268.
    dead port 1/2 on $mux $procmux$265.
    dead port 2/2 on $mux $procmux$262.
    dead port 1/2 on $mux $procmux$256.
    dead port 1/2 on $mux $procmux$253.
    dead port 1/2 on $mux $procmux$250.
    dead port 2/2 on $mux $procmux$247.
    dead port 1/2 on $mux $procmux$241.
    dead port 1/2 on $mux $procmux$238.
    dead port 1/2 on $mux $procmux$235.
    dead port 2/2 on $mux $procmux$232.
    dead port 1/2 on $mux $procmux$229.
    dead port 1/2 on $mux $procmux$223.
    dead port 1/2 on $mux $procmux$220.
    dead port 1/2 on $mux $procmux$217.
    dead port 2/2 on $mux $procmux$214.
    dead port 1/2 on $mux $procmux$211.
    dead port 1/2 on $mux $procmux$205.
    dead port 1/2 on $mux $procmux$202.
    dead port 1/2 on $mux $procmux$199.
    dead port 2/2 on $mux $procmux$196.
    dead port 1/2 on $mux $procmux$193.
    dead port 1/2 on $mux $procmux$187.
    dead port 1/2 on $mux $procmux$184.
    dead port 1/2 on $mux $procmux$181.
    dead port 2/2 on $mux $procmux$178.
    dead port 1/2 on $mux $procmux$175.
    dead port 1/2 on $mux $procmux$169.
    dead port 1/2 on $mux $procmux$166.
    dead port 1/2 on $mux $procmux$163.
    dead port 2/2 on $mux $procmux$160.
    dead port 1/2 on $mux $procmux$157.
    dead port 1/2 on $mux $procmux$154.
    dead port 1/2 on $mux $procmux$148.
    dead port 1/2 on $mux $procmux$145.
    dead port 1/2 on $mux $procmux$142.
    dead port 2/2 on $mux $procmux$139.
    dead port 1/2 on $mux $procmux$136.
    dead port 1/2 on $mux $procmux$133.
    dead port 1/2 on $mux $procmux$127.
    dead port 1/2 on $mux $procmux$124.
    dead port 1/2 on $mux $procmux$121.
    dead port 2/2 on $mux $procmux$118.
    dead port 1/2 on $mux $procmux$115.
    dead port 1/2 on $mux $procmux$112.
    dead port 1/2 on $mux $procmux$106.
    dead port 1/2 on $mux $procmux$103.
    dead port 1/2 on $mux $procmux$100.
    dead port 2/2 on $mux $procmux$97.
    dead port 1/2 on $mux $procmux$94.
    dead port 1/2 on $mux $procmux$91.
Removed 90 multiplexer ports.
<suppressed ~198 debug messages>

2.6.4. Executing OPT_REDUCE pass (consolidate $*mux and $reduce_* inputs).
  Optimizing cells in module \sequence_guard.
  Optimizing cells in module \sequence_guard.
Performed a total of 1 changes.

2.6.5. Executing OPT_MERGE pass (detect identical cells).
Finding identical cells in module `\sequence_guard'.
Computing hashes of 67 cells of `\sequence_guard'.
Finding duplicate cells in `\sequence_guard'.
Removed a total of 0 cells.

2.6.6. Executing OPT_DFF pass (perform DFF optimizations).

2.6.7. Executing OPT_CLEAN pass (remove unused cells and wires).
Finding unused cells or wires in module \sequence_guard..
Removed 0 unused cells and 91 unused wires.
<suppressed ~1 debug messages>

2.6.8. Executing OPT_EXPR pass (perform const folding).
Optimizing module sequence_guard.

2.6.9. Rerunning OPT passes. (Maybe there is more to do..)

2.6.10. Executing OPT_MUXTREE pass (detect dead branches in mux trees).
Running muxtree optimizer on module \sequence_guard..
  Creating internal representation of mux trees.
  Evaluating internal representation of mux trees.
  Analyzing evaluation results.
Removed 0 multiplexer ports.
<suppressed ~65 debug messages>

2.6.11. Executing OPT_REDUCE pass (consolidate $*mux and $reduce_* inputs).
  Optimizing cells in module \sequence_guard.
Performed a total of 0 changes.

2.6.12. Executing OPT_MERGE pass (detect identical cells).
Finding identical cells in module `\sequence_guard'.
Computing hashes of 67 cells of `\sequence_guard'.
Finding duplicate cells in `\sequence_guard'.
Removed a total of 0 cells.

2.6.13. Executing OPT_DFF pass (perform DFF optimizations).

2.6.14. Executing OPT_CLEAN pass (remove unused cells and wires).
Finding unused cells or wires in module \sequence_guard..

2.6.15. Executing OPT_EXPR pass (perform const folding).
Optimizing module sequence_guard.

2.6.16. Finished fast OPT passes. (There is nothing left to do.)

2.7. Executing FSM pass (extract and optimize FSM).

2.7.1. Executing FSM_DETECT pass (finding FSMs in design).
Not marking sequence_guard.out_kind as FSM state register:
    Register is connected to module port.
    Users of register don't seem to benefit from recoding.

2.7.2. Executing FSM_EXTRACT pass (extracting FSM from design).

2.7.3. Executing FSM_OPT pass (simple optimizations of FSMs).

2.7.4. Executing OPT_CLEAN pass (remove unused cells and wires).
Finding unused cells or wires in module \sequence_guard..

2.7.5. Executing FSM_OPT pass (simple optimizations of FSMs).

2.7.6. Executing FSM_RECODE pass (re-assigning FSM state encoding).

2.7.7. Executing FSM_INFO pass (dumping all available information on FSM cells).

2.7.8. Executing FSM_MAP pass (mapping FSMs to basic logic).

2.8. Executing OPT pass (performing simple optimizations).

2.8.1. Executing OPT_EXPR pass (perform const folding).
Optimizing module sequence_guard.

2.8.2. Executing OPT_MERGE pass (detect identical cells).
Finding identical cells in module `\sequence_guard'.
Computing hashes of 67 cells of `\sequence_guard'.
Finding duplicate cells in `\sequence_guard'.
Removed a total of 0 cells.

2.8.3. Executing OPT_MUXTREE pass (detect dead branches in mux trees).
Running muxtree optimizer on module \sequence_guard..
  Creating internal representation of mux trees.
  Evaluating internal representation of mux trees.
  Analyzing evaluation results.
Removed 0 multiplexer ports.
<suppressed ~65 debug messages>

2.8.4. Executing OPT_REDUCE pass (consolidate $*mux and $reduce_* inputs).
  Optimizing cells in module \sequence_guard.
Performed a total of 0 changes.

2.8.5. Executing OPT_MERGE pass (detect identical cells).
Finding identical cells in module `\sequence_guard'.
Computing hashes of 67 cells of `\sequence_guard'.
Finding duplicate cells in `\sequence_guard'.
Removed a total of 0 cells.

2.8.6. Executing OPT_DFF pass (perform DFF optimizations).
Adding SRST signal on $procdff$459 ($dff) from module sequence_guard (D = $procmux$51_Y, Q = \expected, rval = 33'000000000000000000000000000000000).
Adding EN signal on $auto$ff.cc:337:slice$460 ($sdff) from module sequence_guard (D = \next_expected, Q = \expected).
Adding SRST signal on $procdff$458 ($dff) from module sequence_guard (D = $procmux$56_Y, Q = \initialized, rval = 1'0).
Adding EN signal on $auto$ff.cc:337:slice$462 ($sdff) from module sequence_guard (D = 1'1, Q = \initialized).
Adding SRST signal on $procdff$453 ($dff) from module sequence_guard (D = $procmux$83_Y, Q = \out_valid, rval = 1'0).
Adding EN signal on $auto$ff.cc:337:slice$472 ($sdff) from module sequence_guard (D = $procmux$83_Y, Q = \out_valid).
Adding SRST signal on $procdff$454 ($dff) from module sequence_guard (D = $procmux$76_Y, Q = \out_kind, rval = 3'000).
Adding EN signal on $auto$ff.cc:337:slice$476 ($sdff) from module sequence_guard (D = \kind, Q = \out_kind).
Adding SRST signal on $procdff$455 ($dff) from module sequence_guard (D = $procmux$71_Y, Q = \out_skip, rval = 8'00000000).
Adding EN signal on $auto$ff.cc:337:slice$478 ($sdff) from module sequence_guard (D = \skip, Q = \out_skip).
Adding SRST signal on $procdff$456 ($dff) from module sequence_guard (D = $procmux$66_Y, Q = \out_take, rval = 8'00000000).
Adding EN signal on $auto$ff.cc:337:slice$480 ($sdff) from module sequence_guard (D = \take, Q = \out_take).
Adding SRST signal on $procdff$457 ($dff) from module sequence_guard (D = $procmux$61_Y, Q = \out_expected, rval = 33'000000000000000000000000000000000).
Adding EN signal on $auto$ff.cc:337:slice$482 ($sdff) from module sequence_guard (D = \next_expected, Q = \out_expected).

2.8.7. Executing OPT_CLEAN pass (remove unused cells and wires).
Finding unused cells or wires in module \sequence_guard..
Removed 16 unused cells and 16 unused wires.
<suppressed ~18 debug messages>

2.8.8. Executing OPT_EXPR pass (perform const folding).
Optimizing module sequence_guard.
<suppressed ~1 debug messages>

2.8.9. Rerunning OPT passes. (Maybe there is more to do..)

2.8.10. Executing OPT_MUXTREE pass (detect dead branches in mux trees).
Running muxtree optimizer on module \sequence_guard..
  Creating internal representation of mux trees.
  Evaluating internal representation of mux trees.
  Analyzing evaluation results.
Removed 0 multiplexer ports.
<suppressed ~34 debug messages>

2.8.11. Executing OPT_REDUCE pass (consolidate $*mux and $reduce_* inputs).
  Optimizing cells in module \sequence_guard.
Performed a total of 0 changes.

2.8.12. Executing OPT_MERGE pass (detect identical cells).
Finding identical cells in module `\sequence_guard'.
Computing hashes of 56 cells of `\sequence_guard'.
Finding duplicate cells in `\sequence_guard'.
Computing hashes of 55 cells of `\sequence_guard'.
Finding duplicate cells in `\sequence_guard'.
<suppressed ~3 debug messages>
Removed a total of 1 cells.

2.8.13. Executing OPT_DFF pass (perform DFF optimizations).
Adding EN signal on $auto$ff.cc:337:slice$483 ($sdffe) from module sequence_guard (D = \next_expected, Q = \out_expected).

2.8.14. Executing OPT_CLEAN pass (remove unused cells and wires).
Finding unused cells or wires in module \sequence_guard..

2.8.15. Executing OPT_EXPR pass (perform const folding).
Optimizing module sequence_guard.
<suppressed ~3 debug messages>

2.8.16. Rerunning OPT passes. (Maybe there is more to do..)

2.8.17. Executing OPT_MUXTREE pass (detect dead branches in mux trees).
Running muxtree optimizer on module \sequence_guard..
  Creating internal representation of mux trees.
  Evaluating internal representation of mux trees.
  Analyzing evaluation results.
Removed 0 multiplexer ports.
<suppressed ~34 debug messages>

2.8.18. Executing OPT_REDUCE pass (consolidate $*mux and $reduce_* inputs).
  Optimizing cells in module \sequence_guard.
Performed a total of 0 changes.

2.8.19. Executing OPT_MERGE pass (detect identical cells).
Finding identical cells in module `\sequence_guard'.
Computing hashes of 61 cells of `\sequence_guard'.
Finding duplicate cells in `\sequence_guard'.
Computing hashes of 58 cells of `\sequence_guard'.
Finding duplicate cells in `\sequence_guard'.
<suppressed ~9 debug messages>
Removed a total of 3 cells.

2.8.20. Executing OPT_DFF pass (perform DFF optimizations).

2.8.21. Executing OPT_CLEAN pass (remove unused cells and wires).
Finding unused cells or wires in module \sequence_guard..
Removed 0 unused cells and 3 unused wires.
<suppressed ~1 debug messages>

2.8.22. Executing OPT_EXPR pass (perform const folding).
Optimizing module sequence_guard.

2.8.23. Rerunning OPT passes. (Maybe there is more to do..)

2.8.24. Executing OPT_MUXTREE pass (detect dead branches in mux trees).
Running muxtree optimizer on module \sequence_guard..
  Creating internal representation of mux trees.
  Evaluating internal representation of mux trees.
  Analyzing evaluation results.
Removed 0 multiplexer ports.
<suppressed ~34 debug messages>

2.8.25. Executing OPT_REDUCE pass (consolidate $*mux and $reduce_* inputs).
  Optimizing cells in module \sequence_guard.
Performed a total of 0 changes.

2.8.26. Executing OPT_MERGE pass (detect identical cells).
Finding identical cells in module `\sequence_guard'.
Computing hashes of 58 cells of `\sequence_guard'.
Finding duplicate cells in `\sequence_guard'.
Removed a total of 0 cells.

2.8.27. Executing OPT_DFF pass (perform DFF optimizations).

2.8.28. Executing OPT_CLEAN pass (remove unused cells and wires).
Finding unused cells or wires in module \sequence_guard..

2.8.29. Executing OPT_EXPR pass (perform const folding).
Optimizing module sequence_guard.

2.8.30. Finished fast OPT passes. (There is nothing left to do.)

2.9. Executing WREDUCE pass (reducing word size of cells).
Removed top 1 bits (of 33) from port A of cell sequence_guard.$add$rtl/feedguard.sv:141$32 ($add).
Removed top 25 bits (of 33) from port B of cell sequence_guard.$add$rtl/feedguard.sv:141$32 ($add).
Removed top 1 bits (of 33) from port A of cell sequence_guard.$gt$rtl/feedguard.sv:155$42 ($gt).
Removed top 1 bits (of 33) from port A of cell sequence_guard.$lt$rtl/feedguard.sv:157$44 ($lt).
Removed top 1 bits (of 33) from port B of cell sequence_guard.$sub$rtl/feedguard.sv:158$45 ($sub).
Removed top 25 bits (of 33) from port Y of cell sequence_guard.$sub$rtl/feedguard.sv:158$45 ($sub).
Removed top 25 bits (of 33) from port A of cell sequence_guard.$sub$rtl/feedguard.sv:158$45 ($sub).
Removed top 24 bits (of 32) from port B of cell sequence_guard.$sub$rtl/feedguard.sv:158$45 ($sub).
Removed top 25 bits (of 33) from port Y of cell sequence_guard.$sub$rtl/feedguard.sv:158$46 ($sub).
Removed top 25 bits (of 33) from port A of cell sequence_guard.$sub$rtl/feedguard.sv:158$46 ($sub).
Removed top 25 bits (of 33) from port B of cell sequence_guard.$sub$rtl/feedguard.sv:158$46 ($sub).
Removed top 1 bits (of 3) from mux cell sequence_guard.$procmux$151 ($mux).
Removed top 1 bits (of 3) from mux cell sequence_guard.$procmux$172 ($mux).
Removed top 1 bits (of 3) from wire sequence_guard.$6\kind[2:0].
Removed top 1 bits (of 3) from wire sequence_guard.$7\kind[2:0].
Removed top 25 bits (of 33) from wire sequence_guard.$sub$rtl/feedguard.sv:158$45_Y.
Removed top 25 bits (of 33) from wire sequence_guard.$sub$rtl/feedguard.sv:158$46_Y.

2.10. Executing PEEPOPT pass (run peephole optimizers).

2.11. Executing OPT_CLEAN pass (remove unused cells and wires).
Finding unused cells or wires in module \sequence_guard..
Removed 0 unused cells and 4 unused wires.
<suppressed ~1 debug messages>

2.12. Executing ALUMACC pass (create $alu and $macc cells).
Extracting $alu and $macc cells in module sequence_guard:
  creating $macc model for $sub$rtl/feedguard.sv:158$46 ($sub).
  creating $macc model for $sub$rtl/feedguard.sv:158$45 ($sub).
  creating $macc model for $add$rtl/feedguard.sv:141$32 ($add).
  creating $alu model for $macc $add$rtl/feedguard.sv:141$32.
  creating $alu model for $macc $sub$rtl/feedguard.sv:158$45.
  creating $alu model for $macc $sub$rtl/feedguard.sv:158$46.
  creating $alu model for $lt$rtl/feedguard.sv:157$44 ($lt): new $alu
  creating $alu model for $le$rtl/feedguard.sv:156$43 ($le): new $alu
  creating $alu model for $gt$rtl/feedguard.sv:155$42 ($gt): merged with $lt$rtl/feedguard.sv:157$44.
  creating $alu model for $gt$rtl/feedguard.sv:152$37 ($gt): new $alu
  creating $alu cell for $gt$rtl/feedguard.sv:152$37: $auto$alumacc.cc:548:replace_alu$504
  creating $alu cell for $le$rtl/feedguard.sv:156$43: $auto$alumacc.cc:548:replace_alu$515
  creating $alu cell for $lt$rtl/feedguard.sv:157$44, $gt$rtl/feedguard.sv:155$42: $auto$alumacc.cc:548:replace_alu$524
  creating $alu cell for $sub$rtl/feedguard.sv:158$46: $auto$alumacc.cc:548:replace_alu$535
  creating $alu cell for $sub$rtl/feedguard.sv:158$45: $auto$alumacc.cc:548:replace_alu$538
  creating $alu cell for $add$rtl/feedguard.sv:141$32: $auto$alumacc.cc:548:replace_alu$541
  created 6 $alu and 0 $macc cells.

2.13. Executing SHARE pass (SAT-based resource sharing).

2.14. Executing OPT pass (performing simple optimizations).

2.14.1. Executing OPT_EXPR pass (perform const folding).
Optimizing module sequence_guard.
<suppressed ~7 debug messages>

2.14.2. Executing OPT_MERGE pass (detect identical cells).
Finding identical cells in module `\sequence_guard'.
Computing hashes of 68 cells of `\sequence_guard'.
Finding duplicate cells in `\sequence_guard'.
Removed a total of 0 cells.

2.14.3. Executing OPT_MUXTREE pass (detect dead branches in mux trees).
Running muxtree optimizer on module \sequence_guard..
  Creating internal representation of mux trees.
  Evaluating internal representation of mux trees.
  Analyzing evaluation results.
Removed 0 multiplexer ports.
<suppressed ~34 debug messages>

2.14.4. Executing OPT_REDUCE pass (consolidate $*mux and $reduce_* inputs).
  Optimizing cells in module \sequence_guard.
Performed a total of 0 changes.

2.14.5. Executing OPT_MERGE pass (detect identical cells).
Finding identical cells in module `\sequence_guard'.
Computing hashes of 68 cells of `\sequence_guard'.
Finding duplicate cells in `\sequence_guard'.
Removed a total of 0 cells.

2.14.6. Executing OPT_DFF pass (perform DFF optimizations).

2.14.7. Executing OPT_CLEAN pass (remove unused cells and wires).
Finding unused cells or wires in module \sequence_guard..
Removed 0 unused cells and 4 unused wires.
<suppressed ~1 debug messages>

2.14.8. Executing OPT_EXPR pass (perform const folding).
Optimizing module sequence_guard.

2.14.9. Rerunning OPT passes. (Maybe there is more to do..)

2.14.10. Executing OPT_MUXTREE pass (detect dead branches in mux trees).
Running muxtree optimizer on module \sequence_guard..
  Creating internal representation of mux trees.
  Evaluating internal representation of mux trees.
  Analyzing evaluation results.
Removed 0 multiplexer ports.
<suppressed ~34 debug messages>

2.14.11. Executing OPT_REDUCE pass (consolidate $*mux and $reduce_* inputs).
  Optimizing cells in module \sequence_guard.
Performed a total of 0 changes.

2.14.12. Executing OPT_MERGE pass (detect identical cells).
Finding identical cells in module `\sequence_guard'.
Computing hashes of 68 cells of `\sequence_guard'.
Finding duplicate cells in `\sequence_guard'.
Removed a total of 0 cells.

2.14.13. Executing OPT_DFF pass (perform DFF optimizations).

2.14.14. Executing OPT_CLEAN pass (remove unused cells and wires).
Finding unused cells or wires in module \sequence_guard..

2.14.15. Executing OPT_EXPR pass (perform const folding).
Optimizing module sequence_guard.

2.14.16. Finished fast OPT passes. (There is nothing left to do.)

2.15. Executing MEMORY pass.

2.15.1. Executing OPT_MEM pass (optimize memories).
Performed a total of 0 transformations.

2.15.2. Executing OPT_MEM_PRIORITY pass (removing unnecessary memory write priority relations).
Performed a total of 0 transformations.

2.15.3. Executing OPT_MEM_FEEDBACK pass (finding memory read-to-write feedback paths).

2.15.4. Executing MEMORY_BMUX2ROM pass (converting muxes to ROMs).

2.15.5. Executing MEMORY_DFF pass (merging $dff cells to $memrd).

2.15.6. Executing OPT_CLEAN pass (remove unused cells and wires).
Finding unused cells or wires in module \sequence_guard..

2.15.7. Executing MEMORY_SHARE pass (consolidating $memrd/$memwr cells).

2.15.8. Executing OPT_MEM_WIDEN pass (optimize memories where all ports are wide).
Performed a total of 0 transformations.

2.15.9. Executing OPT_CLEAN pass (remove unused cells and wires).
Finding unused cells or wires in module \sequence_guard..

2.15.10. Executing MEMORY_COLLECT pass (generating $mem cells).

2.16. Executing OPT_CLEAN pass (remove unused cells and wires).
Finding unused cells or wires in module \sequence_guard..

2.17. Executing OPT pass (performing simple optimizations).

2.17.1. Executing OPT_EXPR pass (perform const folding).
Optimizing module sequence_guard.
<suppressed ~10 debug messages>

2.17.2. Executing OPT_MERGE pass (detect identical cells).
Finding identical cells in module `\sequence_guard'.
Computing hashes of 92 cells of `\sequence_guard'.
Finding duplicate cells in `\sequence_guard'.
Removed a total of 0 cells.

2.17.3. Executing OPT_DFF pass (perform DFF optimizations).

2.17.4. Executing OPT_CLEAN pass (remove unused cells and wires).
Finding unused cells or wires in module \sequence_guard..
Removed 0 unused cells and 39 unused wires.
<suppressed ~1 debug messages>

2.17.5. Finished fast OPT passes.

2.18. Executing MEMORY_MAP pass (converting memories to logic and flip-flops).

2.19. Executing OPT pass (performing simple optimizations).

2.19.1. Executing OPT_EXPR pass (perform const folding).
Optimizing module sequence_guard.

2.19.2. Executing OPT_MERGE pass (detect identical cells).
Finding identical cells in module `\sequence_guard'.
Computing hashes of 92 cells of `\sequence_guard'.
Finding duplicate cells in `\sequence_guard'.
Removed a total of 0 cells.

2.19.3. Executing OPT_MUXTREE pass (detect dead branches in mux trees).
Running muxtree optimizer on module \sequence_guard..
  Creating internal representation of mux trees.
  Evaluating internal representation of mux trees.
  Analyzing evaluation results.
Removed 0 multiplexer ports.
<suppressed ~24 debug messages>

2.19.4. Executing OPT_REDUCE pass (consolidate $*mux and $reduce_* inputs).
  Optimizing cells in module \sequence_guard.
Performed a total of 0 changes.

2.19.5. Executing OPT_MERGE pass (detect identical cells).
Finding identical cells in module `\sequence_guard'.
Computing hashes of 92 cells of `\sequence_guard'.
Finding duplicate cells in `\sequence_guard'.
Removed a total of 0 cells.

2.19.6. Executing OPT_SHARE pass.

2.19.7. Executing OPT_DFF pass (perform DFF optimizations).

2.19.8. Executing OPT_CLEAN pass (remove unused cells and wires).
Finding unused cells or wires in module \sequence_guard..

2.19.9. Executing OPT_EXPR pass (perform const folding).
Optimizing module sequence_guard.

2.19.10. Finished fast OPT passes. (There is nothing left to do.)

2.20. Executing TECHMAP pass (map to technology primitives).

2.20.1. Executing Verilog-2005 frontend: /share/techmap.v
Parsing Verilog input from `/share/techmap.v' to AST representation.
Generating RTLIL representation for module `\_90_simplemap_bool_ops'.
Generating RTLIL representation for module `\_90_simplemap_reduce_ops'.
Generating RTLIL representation for module `\_90_simplemap_logic_ops'.
Generating RTLIL representation for module `\_90_simplemap_compare_ops'.
Generating RTLIL representation for module `\_90_simplemap_various'.
Generating RTLIL representation for module `\_90_simplemap_registers'.
Generating RTLIL representation for module `\_90_shift_ops_shr_shl_sshl_sshr'.
Generating RTLIL representation for module `\_90_shift_shiftx'.
Generating RTLIL representation for module `\_90_fa'.
Generating RTLIL representation for module `\_90_lcu_brent_kung'.
Generating RTLIL representation for module `\_90_alu'.
Generating RTLIL representation for module `\_90_macc'.
Generating RTLIL representation for module `\_90_alumacc'.
Generating RTLIL representation for module `$__div_mod_u'.
Generating RTLIL representation for module `$__div_mod_trunc'.
Generating RTLIL representation for module `\_90_div'.
Generating RTLIL representation for module `\_90_mod'.
Generating RTLIL representation for module `$__div_mod_floor'.
Generating RTLIL representation for module `\_90_divfloor'.
Generating RTLIL representation for module `\_90_modfloor'.
Generating RTLIL representation for module `\_90_pow'.
Generating RTLIL representation for module `\_90_demux'.
Generating RTLIL representation for module `\_90_lut'.
Generating RTLIL representation for module `$connect'.
Generating RTLIL representation for module `$input_port'.
Successfully finished Verilog frontend.

2.20.2. Continuing TECHMAP pass.
Using extmapper simplemap for cells of type $not.
Using template $paramod$c4f8c752de5d357f6284fb1aa5b7a6056857f8b6\_90_alu for cells of type $alu.
Using template $paramod$a1bc51c02ce12ac21eb18988e83292af48ed7d72\_90_alu for cells of type $alu.
Using extmapper simplemap for cells of type $or.
Using extmapper simplemap for cells of type $reduce_and.
Using template $paramod$789c344356a154d2afc7b832b41d1067dbc946ba\_90_alu for cells of type $alu.
Using extmapper simplemap for cells of type $reduce_or.
Using template $paramod$cc6a978c1b57cdb49efcec348c88d8e28bf1a01f\_90_alu for cells of type $alu.
Using template $paramod$fc972a7a46956c1788f3cb5257b53c8f1df2d0cc\_90_alu for cells of type $alu.
Using extmapper simplemap for cells of type $ne.
Using extmapper simplemap for cells of type $sdffe.
Using extmapper simplemap for cells of type $reduce_bool.
Using extmapper simplemap for cells of type $logic_not.
Using extmapper simplemap for cells of type $logic_or.
Using extmapper simplemap for cells of type $eq.
Using extmapper simplemap for cells of type $logic_and.
Using extmapper simplemap for cells of type $mux.
Using extmapper simplemap for cells of type $pos.
Using template $paramod\_90_fa\WIDTH=32'00000000000000000000000000000001 for cells of type $fa.
Using template $paramod\_90_lcu_brent_kung\WIDTH=32'00000000000000000000000000000001 for cells of type $lcu.
Using extmapper simplemap for cells of type $xor.
Using template $paramod\_90_fa\WIDTH=32'00000000000000000000000000100001 for cells of type $fa.
Using template $paramod\_90_lcu_brent_kung\WIDTH=32'00000000000000000000000000100001 for cells of type $lcu.
Using template $paramod\_90_fa\WIDTH=32'00000000000000000000000000001000 for cells of type $fa.
Using template $paramod\_90_lcu_brent_kung\WIDTH=32'00000000000000000000000000001000 for cells of type $lcu.
Using extmapper simplemap for cells of type $and.
No more expansions possible.
<suppressed ~1143 debug messages>

2.21. Executing OPT pass (performing simple optimizations).

2.21.1. Executing OPT_EXPR pass (perform const folding).
Optimizing module sequence_guard.
<suppressed ~671 debug messages>

2.21.2. Executing OPT_MERGE pass (detect identical cells).
Finding identical cells in module `\sequence_guard'.
Computing hashes of 1201 cells of `\sequence_guard'.
Finding duplicate cells in `\sequence_guard'.
Computing hashes of 1115 cells of `\sequence_guard'.
Finding duplicate cells in `\sequence_guard'.
Computing hashes of 1085 cells of `\sequence_guard'.
Finding duplicate cells in `\sequence_guard'.
Computing hashes of 1071 cells of `\sequence_guard'.
Finding duplicate cells in `\sequence_guard'.
Computing hashes of 1063 cells of `\sequence_guard'.
Finding duplicate cells in `\sequence_guard'.
Computing hashes of 1061 cells of `\sequence_guard'.
Finding duplicate cells in `\sequence_guard'.
Computing hashes of 1057 cells of `\sequence_guard'.
Finding duplicate cells in `\sequence_guard'.
Computing hashes of 1055 cells of `\sequence_guard'.
Finding duplicate cells in `\sequence_guard'.
Computing hashes of 1050 cells of `\sequence_guard'.
Finding duplicate cells in `\sequence_guard'.
Computing hashes of 1047 cells of `\sequence_guard'.
Finding duplicate cells in `\sequence_guard'.
Computing hashes of 1044 cells of `\sequence_guard'.
Finding duplicate cells in `\sequence_guard'.
Computing hashes of 1043 cells of `\sequence_guard'.
Finding duplicate cells in `\sequence_guard'.
Computing hashes of 1042 cells of `\sequence_guard'.
Finding duplicate cells in `\sequence_guard'.
<suppressed ~477 debug messages>
Removed a total of 159 cells.

2.21.3. Executing OPT_DFF pass (perform DFF optimizations).

2.21.4. Executing OPT_CLEAN pass (remove unused cells and wires).
Finding unused cells or wires in module \sequence_guard..
Removed 188 unused cells and 461 unused wires.
<suppressed ~189 debug messages>

2.21.5. Finished fast OPT passes.

2.22. Executing ABC pass (technology mapping using ABC).

2.22.1. Extracting gate netlist of module `\sequence_guard' to `<abc-temp-dir>/input.blif'..
